[INFO] Scanning for projects...
[INFO] 
[INFO] --------------------< com.positivity:pos-inventory >--------------------
[INFO] Building pos-inventory 0.1.0-SNAPSHOT
[INFO]   from pom.xml
[INFO] --------------------------------[ jar ]---------------------------------
[INFO] 
[INFO] --- enforcer:3.4.1:enforce (enforce-java) @ pos-inventory ---
[INFO] Rule 0: org.apache.maven.enforcer.rules.version.RequireJavaVersion passed
[INFO] 
[INFO] --- jacoco:0.8.11:prepare-agent (default) @ pos-inventory ---
[INFO] argLine set to -javaagent:/home/louisb/.m2/repository/org/jacoco/org.jacoco.agent/0.8.11/org.jacoco.agent-0.8.11-runtime.jar=destfile=/home/louisb/Projects/durion-positivity-backend/pos-inventory/target/jacoco.exec
[INFO] 
[INFO] --- resources:3.3.1:resources (default-resources) @ pos-inventory ---
[INFO] Copying 1 resource from src/main/resources to target/classes
[INFO] Copying 10 resources from src/main/resources to target/classes
[INFO] 
[INFO] --- compiler:3.13.0:compile (default-compile) @ pos-inventory ---
[INFO] Recompiling the module because of changed source code.
[INFO] Compiling 293 source files with javac [debug parameters release 21] to target/classes
[INFO] Annotation processing is enabled because one or more processors were found
  on the class path. A future release of javac may disable annotation processing
  unless at least one processor is specified by name (-processor), or a search
  path is specified (--processor-path, --processor-module-path), or annotation
  processing is enabled explicitly (-proc:only, -proc:full).
  Use -Xlint:-options to suppress this message.
  Use -proc:none to disable annotation processing.
[INFO] 
[INFO] --- resources:3.3.1:testResources (default-testResources) @ pos-inventory ---
[INFO] Copying 1 resource from src/test/resources to target/test-classes
[INFO] 
[INFO] --- compiler:3.13.0:testCompile (default-testCompile) @ pos-inventory ---
[INFO] Recompiling the module because of changed dependency.
[INFO] Compiling 48 source files with javac [debug parameters release 21] to target/test-classes
[INFO] Annotation processing is enabled because one or more processors were found
  on the class path. A future release of javac may disable annotation processing
  unless at least one processor is specified by name (-processor), or a search
  path is specified (--processor-path, --processor-module-path), or annotation
  processing is enabled explicitly (-proc:only, -proc:full).
  Use -Xlint:-options to suppress this message.
  Use -proc:none to disable annotation processing.
[INFO] 
[INFO] --- surefire:3.5.4:test (default-test) @ pos-inventory ---
[INFO] Using auto detected provider org.apache.maven.surefire.junitplatform.JUnitPlatformProvider
[INFO] 
[INFO] -------------------------------------------------------
[INFO]  T E S T S
[INFO] -------------------------------------------------------
[INFO] Running PickListServiceImpl — Story #28 unit tests (RED phase)
WARNING: A Java agent has been loaded dynamically (/home/louisb/.m2/repository/net/bytebuddy/byte-buddy-agent/1.17.8/byte-buddy-agent-1.17.8.jar)
WARNING: If a serviceability tool is in use, please run with -XX:+EnableDynamicAgentLoading to hide this warning
WARNING: If a serviceability tool is not in use, please run with -Djdk.instrument.traceUsage for more information
WARNING: Dynamic loading of agents will be disallowed by default in a future release
OpenJDK 64-Bit Server VM warning: Sharing is only supported for boot loader classes because bootstrap classpath has been appended
[ERROR] Tests run: 13, Failures: 1, Errors: 2, Skipped: 0, Time elapsed: 5.121 s <<< FAILURE! -- in PickListServiceImpl — Story #28 unit tests (RED phase)
[ERROR] com.positivity.inventory.service.PickListServiceImplTest.SC1_createPickList_validRequest_returnsDraftWithWorkorderId -- Time elapsed: 0.052 s <<< ERROR!
java.lang.NullPointerException: Cannot invoke "com.positivity.inventory.internal.entity.PickListEntity.getPickListId()" because "savedPickList" is null
	at com.positivity.inventory.internal.service.PickListServiceImpl.createPickList(PickListServiceImpl.java:52)
	at com.positivity.inventory.service.PickListServiceImplTest.SC1_createPickList_validRequest_returnsDraftWithWorkorderId(PickListServiceImplTest.java:96)

[ERROR] com.positivity.inventory.service.PickListServiceImplTest.PS3_confirmPickTask_wrongSkuId_throwsPickScanMismatchException -- Time elapsed: 0.125 s <<< FAILURE!
java.lang.AssertionError: 

Expecting actual throwable to be an instance of:
  com.positivity.inventory.internal.exception.PickScanMismatchException
but was:
  java.lang.NullPointerException: Cannot invoke "com.positivity.inventory.internal.entity.PickTaskEntity.getPickTaskId()" because "entity" is null
	at com.positivity.inventory.internal.service.PickListServiceImpl.toTaskResponse(PickListServiceImpl.java:176)
	at com.positivity.inventory.internal.service.PickListServiceImpl.confirmPickTask(PickListServiceImpl.java:141)
	at com.positivity.inventory.service.PickListServiceImplTest.lambda$PS3_confirmPickTask_wrongSkuId_throwsPickScanMismatchException$4(PickListServiceImplTest.java:432)
	...(86 remaining lines not displayed - this can be changed with Assertions.setMaxStackTraceElementsDisplayed)
	at com.positivity.inventory.service.PickListServiceImplTest.PS3_confirmPickTask_wrongSkuId_throwsPickScanMismatchException(PickListServiceImplTest.java:434)

[ERROR] com.positivity.inventory.service.PickListServiceImplTest.SC2_createPickList_validRequest_createsPickTasksWithPendingStatusAndSortOrder -- Time elapsed: 0.008 s <<< ERROR!
java.lang.NullPointerException: Cannot invoke "com.positivity.inventory.internal.entity.PickListEntity.getPickListId()" because "savedPickList" is null
	at com.positivity.inventory.internal.service.PickListServiceImpl.createPickList(PickListServiceImpl.java:52)
	at com.positivity.inventory.service.PickListServiceImplTest.SC2_createPickList_validRequest_createsPickTasksWithPendingStatusAndSortOrder(PickListServiceImplTest.java:125)

[INFO] 
[INFO] Results:
[INFO] 
[ERROR] Failures: 
[ERROR]   PickListServiceImplTest.PS3_confirmPickTask_wrongSkuId_throwsPickScanMismatchException:434 
Expecting actual throwable to be an instance of:
  com.positivity.inventory.internal.exception.PickScanMismatchException
but was:
  java.lang.NullPointerException: Cannot invoke "com.positivity.inventory.internal.entity.PickTaskEntity.getPickTaskId()" because "entity" is null
	at com.positivity.inventory.internal.service.PickListServiceImpl.toTaskResponse(PickListServiceImpl.java:176)
	at com.positivity.inventory.internal.service.PickListServiceImpl.confirmPickTask(PickListServiceImpl.java:141)
	at com.positivity.inventory.service.PickListServiceImplTest.lambda$PS3_confirmPickTask_wrongSkuId_throwsPickScanMismatchException$4(PickListServiceImplTest.java:432)
	...(86 remaining lines not displayed - this can be changed with Assertions.setMaxStackTraceElementsDisplayed)
[ERROR] Errors: 
[ERROR]   PickListServiceImplTest.SC1_createPickList_validRequest_returnsDraftWithWorkorderId:96 » NullPointer Cannot invoke "com.positivity.inventory.internal.entity.PickListEntity.getPickListId()" because "savedPickList" is null
[ERROR]   PickListServiceImplTest.SC2_createPickList_validRequest_createsPickTasksWithPendingStatusAndSortOrder:125 » NullPointer Cannot invoke "com.positivity.inventory.internal.entity.PickListEntity.getPickListId()" because "savedPickList" is null
[INFO] 
[ERROR] Tests run: 13, Failures: 1, Errors: 2, Skipped: 0
[INFO] 
[INFO] ------------------------------------------------------------------------
[INFO] BUILD FAILURE
[INFO] ------------------------------------------------------------------------
[INFO] Total time:  34.584 s
[INFO] Finished at: 2026-03-05T15:37:41-05:00
[INFO] ------------------------------------------------------------------------
[ERROR] Failed to execute goal org.apache.maven.plugins:maven-surefire-plugin:3.5.4:test (default-test) on project pos-inventory: There are test failures.
[ERROR] 
[ERROR] See /home/louisb/Projects/durion-positivity-backend/pos-inventory/target/surefire-reports for the individual test results.
[ERROR] See dump files (if any exist) [date].dump, [date]-jvmRun[N].dump and [date].dumpstream.
[ERROR] -> [Help 1]
[ERROR] 
[ERROR] To see the full stack trace of the errors, re-run Maven with the -e switch.
[ERROR] Re-run Maven using the -X switch to enable full debug logging.
[ERROR] 
[ERROR] For more information about the errors and possible solutions, please read the following articles:
[ERROR] [Help 1] http://cwiki.apache.org/confluence/display/MAVEN/MojoFailureException
